==6827== Memcheck, a memory error detector
==6827== Copyright (C) 2002-2013, and GNU GPL'd, by Julian Seward et al.
==6827== Using Valgrind-3.10.0.SVN and LibVEX; rerun with -h for copyright info
==6827== Command: ./../utils/../../barsm/src/barsm -v --read-var-info=yes --leak-check=full --track-origins=yes show-reachable=yes --malloc-fill=B5 --free-fill=4A
==6827== 
APP: Zero Second App Launched!
APP: Zero Second App Ended!
APP: Zero Second App Launched!
APP: Zero Second App Ended!
APP: Zero Second App Launched!
APP: Zero Second App Ended!
APP: Zero Second App Launched!
APP: Zero Second App Ended!
APP: Zero Second App Launched!
APP: Zero Second App Ended!
FIRST NODE: 0x51fc040 
NEXT NODE: (nil) 

OPEN DIRECTORY: /opt/rc360/system/ 

Launching ... /opt/rc360/system/aacm 
CHILD linked list 'pid': 6828 
CHILD linked list 'dir': /opt/rc360/system/aacm 
CHILD linked list 'name': aacm 
this address 0x51fc040 
next address 0x5204180 
COMPLETED: All items in /opt/rc360/system/ launched! 
CLOSE DIRECTORY: /opt/rc360/system/ 


OPEN DIRECTORY: /opt/rc360/modules/GE/ 

Launching ... /opt/rc360/modules/GE/gemod 
ERROR: File gemod not launched properly! (0:Success) 
ERROR: File gemod not launched properly! (0:Success) 
ERROR: File gemod not launched properly! (0:Success) 
ERROR: File gemod not launched properly! (0:Success) 
ERROR: File gemod not launched properly! (0:Success) 
NOTICE: Process for gemod in /opt/rc360/modules/GE/ disabled permanently! (0:Success) 
COMPLETED: All items in /opt/rc360/modules/GE/ launched! 
CLOSE DIRECTORY: /opt/rc360/modules/GE/ 


OPEN DIRECTORY: /opt/rc360/modules/TPA/ 

Launching ... /opt/rc360/modules/TPA/tpamod 
CHILD linked list 'pid': 6849 
CHILD linked list 'dir': /opt/rc360/modules/TPA/tpamod 
CHILD linked list 'name': tpamod 
this address 0x520f3f0 
next address 0x5226e20 
COMPLETED: All items in /opt/rc360/modules/TPA/ launched! 
CLOSE DIRECTORY: /opt/rc360/modules/TPA/ 


OPEN DIRECTORY: /opt/rc360/apps/GE/ 

Launching ... /opt/rc360/apps/GE/geapp 
CHILD linked list 'pid': 6856 
CHILD linked list 'dir': /opt/rc360/apps/GE/geapp 
CHILD linked list 'name': geapp 
this address 0x5226e20 
next address 0x52312e0 
COMPLETED: All items in /opt/rc360/apps/GE/ launched! 
CLOSE DIRECTORY: /opt/rc360/apps/GE/ 


OPEN DIRECTORY: /opt/rc360/apps/TPA/ 

Launching ... /opt/rc360/apps/TPA/tpaapp 
CHILD linked list 'pid': 6861 
CHILD linked list 'dir': /opt/rc360/apps/TPA/tpaapp 
CHILD linked list 'name': tpaapp 
this address 0x52312e0 
next address 0x523b7a0 
COMPLETED: All items in /opt/rc360/apps/TPA/ launched! 
CLOSE DIRECTORY: /opt/rc360/apps/TPA/ 


COMPLETED: Launch sequence complete!

==6827== 
==6827== HEAP SUMMARY:
==6827==     in use at exit: 373 bytes in 11 blocks
==6827==   total heap usage: 60 allocs, 49 frees, 274,029 bytes allocated
==6827== 
==6827== LEAK SUMMARY:
==6827==    definitely lost: 0 bytes in 0 blocks
==6827==    indirectly lost: 0 bytes in 0 blocks
==6827==      possibly lost: 0 bytes in 0 blocks
==6827==    still reachable: 373 bytes in 11 blocks
==6827==         suppressed: 0 bytes in 0 blocks
==6827== Rerun with --leak-check=full to see details of leaked memory
==6827== 
==6827== For counts of detected and suppressed errors, rerun with: -v
==6827== ERROR SUMMARY: 0 errors from 0 contexts (suppressed: 0 from 0)
