==8136== Memcheck, a memory error detector
==8136== Copyright (C) 2002-2013, and GNU GPL'd, by Julian Seward et al.
==8136== Using Valgrind-3.10.0.SVN and LibVEX; rerun with -h for copyright info
==8136== Command: /svn/SW/test/barsm/../utils/../../barsm/src/barsm -v --read-var-info=yes --leak-check=full --track-origins=yes show-reachable=yes --malloc-fill=B5 --free-fill=4A
==8136== 
APP: Thirty Second App Launched!
APP: Thirty Second App Ended!
APP: Thirty Second App Launched!
APP: Thirty Second App Ended!
FIRST NODE: 0x51fc040 
NEXT NODE: (nil) 

OPEN DIRECTORY: /opt/rc360/system/ 

Launching ... /opt/rc360/system/aacm 
CHILD linked list 'pid': 8137 
CHILD linked list 'dir': /opt/rc360/system/aacm 
CHILD linked list 'name': aacm 
this address 0x51fc040 
next address 0x5204220 
COMPLETED: All items in /opt/rc360/system/ launched! 
CLOSE DIRECTORY: /opt/rc360/system/ 


OPEN DIRECTORY: /opt/rc360/modules/GE/ 
WARNING: Directory /opt/rc360/modules/GE/ empty! 


OPEN DIRECTORY: /opt/rc360/modules/TPA/ 

Launching ... /opt/rc360/modules/TPA/thirty_sec 
CHILD linked list 'pid': 8138 
CHILD linked list 'dir': /opt/rc360/modules/TPA/thirty_sec 
CHILD linked list 'name': thirty_sec 
this address 0x5204220 
next address 0x5219920 
COMPLETED: All items in /opt/rc360/modules/TPA/ launched! 
CLOSE DIRECTORY: /opt/rc360/modules/TPA/ 


OPEN DIRECTORY: /opt/rc360/apps/GE/ 
WARNING: Directory /opt/rc360/apps/GE/ empty! 


OPEN DIRECTORY: /opt/rc360/apps/TPA/ 
WARNING: Directory /opt/rc360/apps/TPA/ empty! 


COMPLETED: Launch sequence complete!

 in while before checking 


 in check_modules 


ERROR: Process for /opt/rc360/modules/TPA/thirty_sec with PID 8138 has changed state! (0:Success) 
NOTICE: Restarting thirty_sec... in while before checking 


 in check_modules 


ERROR: Process for /opt/rc360/modules/TPA/thirty_sec with PID 8140 has changed state! (0:Success) 
NOTICE: Restarting thirty_sec...==8136== 
==8136== HEAP SUMMARY:
==8136==     in use at exit: 209 bytes in 9 blocks
==8136==   total heap usage: 52 allocs, 43 frees, 255,969 bytes allocated
==8136== 
==8136== LEAK SUMMARY:
==8136==    definitely lost: 16 bytes in 2 blocks
==8136==    indirectly lost: 0 bytes in 0 blocks
==8136==      possibly lost: 0 bytes in 0 blocks
==8136==    still reachable: 193 bytes in 7 blocks
==8136==         suppressed: 0 bytes in 0 blocks
==8136== Rerun with --leak-check=full to see details of leaked memory
==8136== 
==8136== For counts of detected and suppressed errors, rerun with: -v
==8136== ERROR SUMMARY: 0 errors from 0 contexts (suppressed: 0 from 0)
